// Jest Snapshot v1, https://goo.gl/fbAQLP

exports[`@bcp testing counter should render 1`] = `
<Fragment>
  <div>
    5
  </div>
  <button
    onClick={[Function]}
  >
    add
  </button>
  <button
    onClick={[Function]}
  >
    reset
  </button>
  <button
    onClick={[Function]}
  >
    less
  </button>
</Fragment>
`;
